// Vitest Snapshot v1, https://vitest.dev/guide/snapshot.html

exports[`EditorSettingsDialog > renders correctly 1`] = `
"╭──────────────────────────────────────────────────────────────────────────────────────────────────╮
│                                                                                                  │
│ > Select Editor                              Editor Preference                                   │
│ ● 1. VS Code                                                                                     │
│   2. Vim                                     Select an installed editor to use for external      │
│                                              edits.                                              │
│ (Use Enter to select, Esc to close)                                                              │
│                                              Your preferred editor is: VS Code.                  │
│                                                                                                  │
╰──────────────────────────────────────────────────────────────────────────────────────────────────╯"
`;
